>B.vulgatus.1
TGAGGAATATTGGTCAATGGGCGCAGGCCTGAACCAGCCAAGTAGCGTGAAGGATGACTG
CCCTATGGGTTGTAAACTTCTTTTATAAAGGAATA-------------------------
---AAGTCG-------GGTATGGATACCCGT-----------T-----------------
---------TGCATGTACTTTATGAATAAGGATCGGCTAACTCCGTGCCAGCAGCCGCGG
TAATACGGAGGATCCGAGCGTTATCCGGATTTATTGGGTTTAAAGGGAGCGTAGATGGAT
GTTTAAGTCAGTTGTGAAAGTTTGCGGCTCAACCGTAAAATTGCAGTTGATACTGGATAT
CTTGAGTGCAGTTGAGGCAGGCGGAATTCGTGGTGTAGCGGTGAAATGCTTAGATATCAC
GAAGAACTCCGATTGCGAAGGCAGCCTGCTAAGCTGCAACTGACATTGAG-GCTCGAAAG
TGTGGGTATCAAACAGGATTAGATACCCTGGTAGTCCACACGGTAAACGATGAATA----
--CTCGCTGTTTGCGATATAC--GG-CAAGC------GGCCA-AGCGAAAGCGTTAAGTA
TTCCACCTGGGGAGTACGCCG
>B.vulgatus.2
TGAGGAATATTGGTCAATGGGCGAGAGCCTGAACCAGCCAAGTAGCGTGAAGGATGACTG
CCCTATGGGTTGTAAACTTCTTTTATAAAGGAATA-------------------------
---AAGTCG-------GGTATGGATACCCGT-----------T-----------------
---------TGCATGTACTTTATGAATAAGGATCGGCTAACTCCGTGCCAGCAGCCGCGG
TAATACGGAGGATCCGAGCGTTATCCGGATTTATTGGGTTTAAAGGGAGCGTAGATGGAT
GTTTAAGTCAGTTGTGAAAGTTTGCGGCTCAACCGTAAAATTGCAGTTGATACTGGATAT
CTTGAGTGCAGTTGAGGCAGGCGGAATTCGTGGTGTAGCGGTGAAATGCTTAGATATCAC
GAAGAACTCCGATTGCGAAGGCAGCCTGCTAAGCTGCAACTGACATTGAG-GCTCGAAAG
TGTGGGTATCAAACAGGATTAGATACCCTGGTAGTCCACACGGTAAACGATGAATA----
--CTCGCTGTTTGCGATATAC--GG-CAAGC------GGCCA-AGCGAAAGCGTTAAGTA
TTCCACCTGGGGAGTACGCCG
>B.vulgatus.5
TGAGGAATATTGGTCAATGGGCGAGAGCCTGAACCAGCCAAGTAGCGTGAAGGATGACTG
CCCTATGGGTTGTAAACTTCTTTTATAAAGGAATA-------------------------
---AAGTCG-------GGTATGGATACCCGT-----------T-----------------
---------TGCATGTACTTTATGAATAAGGATCGGCTAACTCCGTGCCAGCAGCCGCGG
TAATACGGAGGATCCGAGCGTTATCCGGATTTATTGGGTTTAAAGGGAGCGTAGATGGAT
GTTTAAGTCAGTTGTGAAAGTTTGCGGCTCAACCGTAAAATTGCAGTTGATACTGGATAT
CTTGAGTGCAGTTGAGGCAGGCGGAATTCGTGGTGTAGCGGTGAAATGCTTAGATATCAC
GAAGAACTCCGATTGCGAAGGCAGCCTGCTAAGCTGCAACTGACATTGAG-GCTCGAAAG
TGTGGGTATCAAACAGGATTAGATACCCTGGTAGTCCACACGGTAAACGATGAATA----
--CTCGCTGTTTGCGATATAC--TG-CAAGC------GGCCA-AGCGAAAGCGTTAAGTA
TTCCACCTGGGGAGTACGCCG
>B.vulgatus.4
TGAGGAATATTGGTCAATGGGCGAGAGCCTGAACCAGCCAAGTAGCGTGAAGGATGACTG
CCCTATGGGTTGTAAACTTCTTTTATAAAGGAATA-------------------------
---AAGTCG-------GGTATGGATACCCGT-----------T-----------------
---------TGCATGTACTTTATGAATAAGGATCGGCTAACTCCGTGCCAGCAGCCGCGG
TAATACGGAGGATCCGAGCGTTATCCGGATTTATTGGGTTTAAAGGGAGCGTAGATGGAT
ATTTAAGTCAGTTGTGAAAGTTTGCGGCTCAACCGTAAAATTGCAGTTGATACTGGATAT
CTTGAGTGCAGTTGAGGCAGGCGGAATTCGTGGTGTAGCGGTGAAATGCTTAGATATCAC
GAAGAACTCCGATTGCGAAGGCAGCCTGCTAAGCTGCAACTGACATTGAG-GCTCGAAAG
TGTGGGTATCAAACAGGATTAGATACCCTGGTAGTCCACACGGTAAACGATGAATA----
--CTCGCTGTTTGCGATATAC--TG-CAAGC------GGCCA-AGCGAAAGCGTTAAGTA
TTCCACCTGGGGAGTACGCCG
>B.vulgatus.7
TGAGGAATATTGGTCAATGGGCGAGAGCCTGAACCAGCCAAGTAGCGTGAAGGATGACTG
CCCTATGGGTTGTAAACTTCTTTTATAAAGGAATA-------------------------
---AAGTCG-------GGTATGCATACCCGT-----------T-----------------
---------TGCATGTACTTTATGAATAAGGATCGGCTAACTCCGTGCCAGCAGCCGCGG
TAATACGGAGGATCCGAGCGTTATCCGGATTTATTGGGTTTAAAGGGAGCGTAGATGGAT
GTTTAAGTCAGTTGTGAAAGTTTGCGGCTCAACCGTAAAATTGCAGTTGATACTGGATAT
CTTGAGTGCAGTTGAGGCAGGCGGAATTCGTGGTGTAGCGGTGAAATGCTTAGATATCAC
GAGGAACTCCGATTGCGAAGGCAGCCTGCTAAGCTGCAACTGACATTGAG-GCTCGAAAG
TGTGGGTATCAAACAGGATTAGATACCCTGGTAGTCCACACGGTAAACGATGAATA----
--CTCGCTGTTTGCGATATAC--GG-CAAGC------GGCCA-AGCGAAAGCGTTAAGTA
TTCCACCTGGGGAGTACGCCG
>P.gingivalis.1
TGAGGAATATTGGTCAATGGGCGAGAGCCTGAACCAGCCAAGTCGCGTGAAGGAAGACTG
TCCTAAGGATTGTAAACTTCTTTTATACGGGAATA-------------------------
---ACGGGC-------GATACGAGTATTGCA-----------T-----------------
---------TGAATGTACCGTAAGAATAAGCATCGGCTAACTCCGTGCCAGCAGCCGCGG
TAATACGGAGGATGCGAGCGTTATCCGGATTTATTGGGTTTAAAGGGTGCGTAGGTTGTT
CGGTAAGTCAGCGGTGAAACCTGAGCGCTCAACGTTCAGCCTGCCGTTGAAACTGCCGGG
CTTGAGTTCAGCGGCGGCAGGCGGAATTCGTGGTGTAGCGGTGAAATGCATAGATATCAC
GAGGAACTCCGATTGCGAAGGCAGCTTGCCATACTGCGACTGACACTGAA-GCACGAAGG
CGTGGGTATCAAACAGGATTAGATACCCTGGTAGTCCACGCAGTAAACGATGATTA----
--CTAGGAGTTTGCGATATAC--CGTCAAGC------TTCCACAGCGAAAGCGTTAAGTA
ATCCACCTGGGGAGTACGCCG
>S.aureus.1
TAGGGAATCTTCCGCAATGGGCGAAAGCCTGACGGAGCAACGCCGCGTGAGTGATGAAGG
TCTT-CGGATCGTAAAACTCTGTTATTAGGGAAGAACA--------------TAT-GTGT
AAG--------------------------TA-----------ACTG------------TG
CACAT--CTTGACGGTACCTAATCAGAAAGCCACGGCTAACTACGTGCCAGCAGCCGCGG
TAATACGTAGGTGGCAAGCGTTATCCGGAATTATTGGGCGTAAAGCGCGCGTAGGCGGTT
TTTTAAGTCTGATGTGAAAGCCCACGGCTCAACCGTGGAGGGTCATTGGAAACTGGAAAA
CTTGAGTGCAGAAGAGGAAAGTGGAATTCCATGTGTAGCGGTGAAATGCGCAGAGATATG
GAGGAACACCAGTGGCGAAGGCGACTTTCTGGTCTGTAACTGACGCTGAT-GTGCGAAAG
CGTGGGGATCAAACAGGATTAGATACCCTGGTAGTCCACGCCGTAAACGATGAGTG----
--CTAAGTGTTAGGGG----G--TTTCCGCCCCTTAGTGCTGCAGCTAACGCATTAAGCA
CTCCGCCTGGGGAGTACGACC
>S.aureus.5
TAGGGAATCTTCCGCAATGGGCGAAAGCCTGACGGAGCAACGCCGCGTGAGTGATGAAGG
TCTT-CGGATCGTAAAACTCTGTTATTAGGGAAGAACA--------------TAT-GTGT
AAG--------------------------TA-----------ACTG------------TG
CACAT--CTTGACGGTACCTAATCAGAAAGCCACGGCTAACTACGTGCCAGCAGCCGCGG
TAATACGTAGGTGGCAAGCGTTATCCGGAATTATTGGGCGTAAAGCGCGCGTAGGCGGTT
TTTTAAGTCTGATGTGAAAGCCCACGGCTCAACCGTGGAGGGTTATTGGAAACTGGAAAA
CTTGAGTGCAGAAGAGGAAAGTGGAATTCCATGTGTAGCGGTGAAATGCGCAGAGATATG
GAGGAACACCAGTGGCGAAGGCGACTTTCTGGTCTGTAACTGACGCTGAT-GTGCGAAAG
CGTGGGGATCAAACAGGATTAGATACCCTGGTAGTCCACGCCGTAAACGATGAGTG----
--CTAAGTGTTAGGGG----G--TTTCCGCCCCTTAGTGCTGCAGCTAACGCATTAAGCA
CTCCGCCTGGGGAGTACGACC
>S.epidermidis.1
TAGGGAATCTTCCGCAATGGGCGAAAGCCTGACGGAGCAACGCCGCGTGAGTGATGAAGG
TCTT-CGGATCGTAAAACTCTGTTATTAGGGAAGAACA--------------AAT-GTGT
AAG--------------------------TA-----------ACTA------------TG
CACGT--CTTGACGGTACCTAATCAGAAAGCCACGGCTAACTACGTGCCAGCAGCCGCGG
TAATACGTAGGTGGCAAGCGTTATCCGGAATTATTGGGCGTAAAGCGCGCGTAGGCGGTT
TTTTAAGTCTGATGTGAAAGCCCACGGCTCAACCGTGGAGGGTCATTGGAAACTGGAAAA
CTTGAGTGCAGAAGAGGAAAGTGGAATTCCATGTGTAGCGGTGAAATGCGCAGAGATATG
GAGGAACACCAGTGGCGAAGGCGACTTTCTGGTCTGTAACTGACGCTGAT-GTGCGAAAG
CGTGGGGATCAAACAGGATTAGATACCCTGGTAGTCCACGCCGTAAACGATGAGTG----
--CTAAGTGTTAGGGG----G--TTTCCGCCCCTTAGTGCTGCAGCTAACGCATTAAGCA
CTCCGCCTGGGGAGTACGACC
>S.epidermidis.2
TAGGGAATCTTCCGCAATGGGCGAAAGCTTGACGGAGCAACGCCGCGTGAGTGATGAAGG
TCTT-CGGATCGTAAAACTCTGTTATTAGGGAAGAACA--------------AAT-GTGT
AAG--------------------------TA-----------ACTA------------TG
CACGT--CTTGACGGTACCTAATCAGAAAGCCACGGCTAACTACGTGCCAGCAGCCGCGG
TAATACGTAGGTGGCAAGCGTTATCCGGAATTATTGGGCGTAAAGCGCGCGTAGGCGGTT
TTTTAAGTCTGATGTGAAAGCCCACGGCTCAACCGTGGAGGGTCATTGGAAACTGGAAAA
CTTGAGTGCAGAAGAGGAAAGTGGAATTCCATGTGTAGCGGTGAAATGCGCAGAGATATG
GAGGAACACCAGTGGCGAAGGCGACTTTCTGGTCTGTAACTGACGCTGAT-GTGCGAAAG
CGTGGGGATCAAACAGGATTAGATACCCTGGTAGTCCACGCCGTAAACGATGAGTG----
--CTAAGTGTTAGGGG----G--TTTCCGCCCCTTAGTGCTGCAGCTAACGCATTAAGCA
CTCCGCCTGGGGAGTACGACC
>S.epidermidis.5
TAGGGAATCTTCCGCAATGGGCGAAAGCTTGACGGAGCAACGCCGCGTGAGTGATGAAGG
TCTT-CGGATCGTAAAACTCTGTTATTAGGGAAGAACA--------------AAT-GTCT
AAG--------------------------TA-----------ACTA------------TG
CACGT--CTTGACGGTACCTAATCAGAAAGCCACGGCTAACTACGTGCCAGCAGCCGCGG
TAATACGTAGGTGGCAAGCGTTGTCCGGAATCATTGGGCGTAAAGCGCGCGTAGGCGGTT
TCTTAAGTCTGATGTGAAAGCCCACGGCTCAACCGTGGAGGGTCATTGGAAACTGGAGGA
CTTGAGTGCAGAAGAGGAAAGTGGAATTCCATGTGTAGCGGTGAAATGCGCAGAGATATG
GAGGAACACCAGTGGCGAAGGCGACTTTCTGGTCTGTAACTGACGCTGAT-GTGCGAAAG
CGTGGGGATCAAACAGGATTAGATACCCTGGTAGTCCACGCCGTAAACGATGAGTG----
--CTAAGTGTTAGGGG----G--TTTCCGCCCCTTAGTGCTGCAGCTAACGCATTAAGCA
CTCCGCCTGGGGAGTACGACC
>B.cereus.1
TAGGGAATCTTCCGCAATGGACGAAAGTCTGACGGAGCAACGCCGCGTGAGTGATGAAGG
CTTT-CGGGTCGTAAAACTCTGTTGTTAGGGAAGAACA--------------AGT-G---
-------------------------------------------CTAGTTGAATAAGCTGG
CAC----CTTGACGGTACCTAACCAGAAAGCCACGGCTAACTACGTGCCAGCAGCCGCGG
TAATACGTAGGTGGCAAGCGTTATCCGGAATTATTGGGCGTAAAGCGCGCGCAGGTGGTT
TCTTAAGTCTGATGTGAAAGCCCACGGCTCAACCGTGGAGGGTCATTGGAAACTGGGAGA
CTTGAGTGCAGAAGAGGAAAGTGGAATTCCATGTGTAGCGGTGAAATGCGTAGAGATATG
GAGGAACACCAGTGGCGAAGGCGACTTTCTGGTCTGTAACTGACACTGAG-GCGCGAAAG
CGTGGGGAGCAAACAGGATTAGATACCCTGGTAGTCCACGCCGTAAACGATGAGTG----
--CTAAGTGTTAGAGG----G--TTTCCGCCCTTTAGTGCTGAAGTTAACGCATTAAGCA
CTCCGCCTGGGGAGTACGGCC
>E.faecalis.1
TAGGGAATCTTCGGCAATGGACGAAAGTCTGACCGAGCAACGCCGCGTGAGTGAAGAAGG
TTTT-CGGATCGTAAAACTCTGTTGTTAGAGAAGAACA--------------AGG-ACGT
TAG--------------------------TA-----------ACT--------------G
AACGTCCCCTGACGGTATCTAACCAGAAAGCCACGGCTAACTACGTGCCAGCAGCCGCGG
TAATACGTAGGTGGCAAGCGTTGTCCGGATTTATTGGGCGTAAAGCGAGCGCAGGCGGTT
TCTTAAGTCTGATGTGAAAGCCCCCGGCTCAACCGGGGAGGGTCATTGGAAACTGGGAGA
CTTGAGTGCAGAAGAGGAGAGTGGAATTCCATGTGTAGCGGTGAAATGCGTAGATATATG
GAGGAACACCAGTGGCGAAGGCGGCTCTCTGGTCTGTAACTGACGCTGAG-GCTCGAAAG
CGTGGGGAGCAAACAGGATTAGATACCCTGGTAGTCCACGCCGTAAACGATGAGTG----
--CTAAGTGTTGGAGG----G--TTTCCGCCCTTCAGTGCTGCAGCAAACGCATTAAGCA
CTCCGCCTGGGGAGTACGACC
>E.faecalis.2
TAGGGAATCTTCGGCAATGGACGAAAGTCTGACCGAGCAACGCCGCGTGAGTGAAGAAGG
TTTT-CGGATCGTAAAACTCTGTTGTTAGAGAAGAACA--------------AGG-ACGT
TAG--------------------------TA-----------ACT--------------G
AACGTCCCCTGACGGTATCTAACCAGAAAGCCACGGCTAACTACGTGCCAGCAGCCGCGG
TAATACGTAGGTGGCAAGCGTTGTCCGGATTTATTGGGCGTAAAGCGAGCGCAGGCGGTT
TCTTAAGTCTGATGTGAAAGCCCCCGGCTCAACCGGGGAGGGTCATTGGAAACTGGGAGA
CTTGAGTGCAGAAGAGGAGAGTGGAATTCCATGTGTAGCGGTGAAATGCGTAGATATATG
GAGGAACACCAGTGGCGAAGGCGGCTCTCTGGTCTGTAACTGACGCTGAG-GCTCGAAAG
CGTGGGGAGCAAACAGGATTAGATACCCTGGTAGTCCACGCCGTAAACGATGAGTG----
--CTAAGTGTTGGAGG----G--TTTCCGCCCTTCAGTGCTGCAGCAAACGCATTAAGCA
CTCCGCCTGGGGAGTACGACC
>L.monocytogenes.1
TAGGGAATCTTCCGCAATGGACGAAAGTCTGACGGAGCAACGCCGCGTGTATGAAGAAGG
TTTT-CGGATCGTAAAGTACTGTTGTTAGAGAAGAACA--------------AGG-ATAA
GAG--------------------------TA-----------ACT--------------G
CTTGTCCCTTGACGGTATCTAACCAGAAAGCCACGGCTAACTACGTGCCAGCAGCCGCGG
TAATACGTAGGTGGCAAGCGTTGTCCGGATTTATTGGGCGTAAAGCGCGCGCAGGCGGTC
TTTTAAGTCTGATGTGAAAGCCCCCGGCTTAACCGGGGAGGGTCATTGGAAACTGGAAGA
CTGGAGTGCAGAAGAGGAGAGTGGAATTCCACGTGTAGCGGTGAAATGCGTAGATATGTG
GAGGAACACCAGTGGCGAAGGCGACTCTCTGGTCTGTAACTGACGCTGAG-GCGCGAAAG
CGTGGGGAGCAAACAGGATTAGATACCCTGGTAGTCCACGCCGTAAACGATGAGTG----
--CTAAGTGTTAGGGG----G--TTTCCGCCCCTTAGTGCTGCAGCTAACGCATTAAGCA
CTCCGCCTGGGGAGTACGACC
>L.gasseri.1
TAGGGAATCTTCCACAATGGACGCAAGTCTGATGGAGCAACGCCGCGTGAGTGAAGAAGG
GTTT-CGGCTCGTAAAGCTCTGTTGGTAGTGAAGAAAG--------------ATA-GAGG
TAG--------------------------TA-----------ACT--------------G
GCCTTTATTTGACGGTAATTACTTAGAAAGTCACGGCTAACTACGTGCCAGCAGCCGCGG
TAATACGTAGGTGGCAAGCGTTGTCCGGATTTATTGGGCGTAAAGCGAGTGCAGGCGGTT
CAATAAGTCTGATGTGAAAGCCTTCGGCTCAACCGGAGAATTGCATCAGAAACTGTTGAA
CTTGAGTGCAGAAGAGGAGAGTGGAACTCCATGTGTAGCGGTGGAATGCGTAGATATATG
GAAGAACACCAGTGGCGAAGGCGGCTCTCTGGTCTGCAACTGACGCTGAG-GCTCGAAAG
CATGGGTAGCGAACAGGATTAGATACCCTGGTAGTCCATGCCGTAAACGATGAGTG----
--CTAAGTGTTGGGAG----G--TTTCCGCCTCTCAGTGCTGCAGCTAACGCATTAAGCA
CTCCGCCTGGGGAGTACGACC
>S.agalactiae.1
TAGGGAATCTTCGGCAATGGACGGAAGTCTGACCGAGCAACGCCGCGTGAGTGAAGAAGG
TTTT-CGGATCGTAAAGCTCTGTTGTTAGAGAAGAACG--------------TTG-GTAG
GAG--------------------------TGGAAAATCTAC-CAA--------------G
---------TGACGGTAACTAACCAGAAAGGGACGGCTAACTACGTGCCAGCAGCCGCGG
TAATACGTAGGTCCCGAGCGTTGTCCGGATTTATTGGGCGTAAAGCGAGCGCAGGCGGTT
CTTTAAGTCTGAAGTTAAAGGCAGTGGCTTAACCATTGTAC-GCTTTGGAAACTGGAGGA
CTTGAGTGCAGAAGGGGAGAGTGGAATTCCATGTGTAGCGGTGAAATGCGTAGATATATG
GAGGAACACCGGTGGCGAAAGCGGCTCTCTGGTCTGTAACTGACGCTGAG-GCTCGAAAG
CGTGGGGAGCAAACAGGATTAGATACCCTGGTAGTCCACGCCGTAAACGATGAGTG----
--CTAGGTGTTAGGCC----C--TTTCCGGGGCTTAGTGCCGCAGCTAACGCATTAAGCA
CTCCGCCTGGGGAGTACGACC
>S.mutans.1
TAGGGAATCTTCGGCAATGGACGAAAGTCTGACCGAGCAACGCCGCGTGAGTGAAGAAGG
TTTT-CGGATCGTAAAGCTCTGTTGTAAGTCAAGAACG--------------TGT-GTGA
GAG--------------------------TGGAAAGTTCAC-ACA--------------G
---------TGACGGTAGCTTACCAGAAAGGGACGGCTAACTACGTGCCAGCAGCCGCGG
TAATACGTAGGTCCCGAGCGTTGTCCGGATTTATTGGGCGTAAAGGGAGCGCAGGCGGTC
AGGAAAGTCTGGAGTAAAAGGCTATGGCTCAACCATAGTGT-GCTCTGGAAACTGTCTGA
CTTGAGTGCAGAAGGGGAGAGTGGAATTCCATGTGTAGCGGTGAAATGCGTAGATATATG
GAGGAACACCAGTGGCGAAAGCGGCTCTCTGGTCTGTCACTGACGCTGAG-GCTCGAAAG
CGTGGGTAGCGAACAGGATTAGATACCCTGGTAGTCCACGCCGTAAACGATGAGTG----
--CTAGGTGTTAGGCC----C--TTTCCGGGGCTTAGTGCCGGAGCTAACGCAATAAGCA
CTCCGCCTGGGGAGTACGACC
>S.pneumoniae.1
TAGGGAATCTTCGGCAATGGACGGAAGTCTGACCGAGCAACGCCGCGTGAGTGAAGAAGG
TTTT-CGGATCGTAAAGCTCTGTTGTAAGAGAAGAACG--------------AGT-GTGA
GAG--------------------------TGGAAAGTTCAC-ACT--------------G
---------TGACGGTATCTTACCAGAAAGGGACGGCTAACTACGTGCCAGCAGCCGCGG
TAATACGTAGGTCCCGAGCGTTGTCCGGATTTATTGGGCGTAAAGCGAGCGCAGGCGGTT
AGATAAGTCTGAAGTTAAAGGCTGTGGCTTAACCATAGTAG-GCTTTGGAAACTGTTTAA
CTTGAGTGCAAGAGGGGAGAGTGGAATTCCATGTGTAGCGGTGAAATGCGTAGATATATG
GAGGAACACCGGTGGCGAAAGCGGCTCTCTGGCTTGTAACTGACGCTGAG-GCTCGAAAG
CGTGGGGAGCAAACAGGATTAGATACCCTGGTAGTCCACGCTGTAAACGATGAGTG----
--CTAGGTGTTAGACC----C--TTTCCGGGGTTTAGTGCCGTAGCTAACGCATTAAGCA
CTCCGCCTGGGGAGTACGACC
>C.beijerinckii.1
TGGGGAATATTGCACAATGGGGGAAACCCTGATGCAGCAACGCCGCGTGAGTGATGACGG
TCTT-CGGATTGTAAAGCTCTGTCTTCAGGGACGA-------------------------
-----------------------------TA-----------A-----------------
---------TGACGGTACCTGAGGAGGAAGCCACGGCTAACTACGTGCCAGCAGCCGCGG
TAATACGTAGGTGGCAAGCGTTGTCCGGATTTACTGGGCGTAAAGGGAGCGTAGGTGGAT
ATTTAAGTGGGATGTGAAATACTCGGGCTTAACCTGGGTGCTGCATTCCAAACTGGATAT
CTAGAGTGCAGGAGAGGAAAGTAGAATTCCTAGTGTAGCGGTGAAATGCGTAGAGATTAG
GAAGAATACCAGTGGCGAAGGCGACTTTCTGGACTGTAACTGACACTGAG-GCTCGAAAG
CGTGGGGAGCAAACAGGATTAGATACCCTGGTAGTCCACGCCGTAAACGATGAATA----
--CTAGGTG-TAGGGG----T--TGTCATGACCTCTGTGCCGCCGCTAACGCATTAAGTA
TTCCGCCTGGGGAGTACGGTC
>C.beijerinckii.4
TGGGGAATATTGCACAATGGGGGAAACCCTGATGCAGCAACGCCGCGTGAGTGATGACGG
TCTT-CGGATTGTAAAGCTCTGTCTTCAGGGACGA-------------------------
-----------------------------TA-----------A-----------------
---------TGACGGTACCTGAGGAGGAAGCCACGGCTAACTACGTGCCAGCAGCCGCGG
TAATACGTAGGTGGCAAGCGTTGTCCGGATTTACTGGGCGTAAAGGGAGCGTAGGTGGAT
ATTTAAGTGGGATGTGAAATACTCGGGCTTAACCTGGGTGCTGCATTCCAAACTGGATAT
CTAGAGTGCAGGAGAGGAAAGTAGAATTCTTAGTGTAGCGGTGAAATGCGTAGAGATTAG
GAAGAATACCAGTGGCGAAGGCGACTTTCTGGACTGTAACTGACACTGAG-GCTCGAAAG
CGTGGGGAGCAAACAGGATTAGATACCCTGGTAGTCCACGCCGTAAACGATGAATA----
--CTAGGTG-TAGGGG----T--TGTCATGACCTCTGTGCCGCCGCTAACGCATTAAGTA
TTCCGCCTGGGGAGTACGGTC
>C.beijerinckii.3
TGGGGAATATTGCACAATGGGGGAAACCCTGATGCAGCAACGCCGCGTGAGTGATGACGG
TCTT-CGGATTGTAAAGCTCTGTCTTCAGGGACGA-------------------------
-----------------------------TA-----------A-----------------
---------TGACGGTACCTGAGGAGGAAGCCACGGCTAACTACGTGCCAGCAGCCGCGG
TAATACGTAGGTGGCAAGCGTTGTCCGGATTTACTGGGCGTAAAGGGAGCGTAGGTGGAT
ATTTAAGTGGGATGTGAAATACTCGGGCTTAACCTGGGTGCTGCATTCCAAACTGGATAT
CTAGAGTGCAGGAGAGGAAAGTAGAATTCCTAGTGTAGCGGTGAAATGCGTAGAGATTAG
GAAGAATACCAGTGGCGAAGGCGACTTTCTGGACTGTAACTGACACTGAG-GCTCGAAAG
CGTGGGGAGCAAACAGGATTAGATACCCTGGTAGTCCACGCCGTAAACGATGAATA----
--CTAGGTG-TAGGGG----T--TGTCATGACCTCTGTGCCGTCGCTAACGCATTAAGTA
TTCCGCCTGGGGAGTACGGTC
>A.odontolyticus.1
TGGGGAATATTGCACAATGGGCGAAAGCCTGATGCAGCGACGCCGCGTGAGGGATGGAGG
CCTT-CGGGTTGTAAACCTCTTTCGCTCATGGTCAAGCCGCAACTCAAGGTTGTG-GTGA
GGG--------------------------TA-----------G-----------------
---------TG--GGTA-------AAGAAGCGCCGGCTAACTACGTGCCAGCAGCCGCGG
TAATACGTAGGGCGCGAGCGTTGTCCGGAATTATTGGGCGTAAAGGGCTTGTAGGCGGTT
GGTCGCGTCTGCCGTGAAATCCTCTGGCTTAACTGGGGGCGTGCGGTGGGTACGGGCTGA
CTTGAGTGCGGTAGGGGAGACTGGAACTCCTGGTGTAGCGGTGGAATGCGCAGATATCAG
GAAGAACACCGGTGGCGAAGGCGGGTCTCTGGGCCGTTACTGACGCTGAG-GAGCGAAAG
CGTGGGGAGCGAACAGGATTAGATACCCTGGTAGTCCACGCTGTAAACGTTGGGCA----
--CTAGGTG-TGGGGG----CCA-CCCGTGGTTTCTGCGCCGTAGCTAACGCTTTAAGTG
CCCCGCCTGGGGAGTACGGCC
>P.acnes.1
TGGGGAATATTGCACAATGGGCGGAAGCCTGATGCAGCAACGCCGCGTGCGGGATGACGG
CCTT-CGGGTTGTAAACCGCTTTCGCCTGTGACGAAGC--------------GTGAGTGA
CGG--------------------------TA-----------A-----------------
---------TG--GGTA-------AAGAAGCACCGGCTAACTACGTGCCAGCAGCCGCGG
TGATACGTAGGGTGCGAGCGTTGTCCGGATTTATTGGGCGTAAAGGGCTCGTAGGTGGTT
GATCGCGTCGGAAGTGTAATCTTGGGGCTTAACCCTGAGCGTGCTTTCGATACGGGTTGA
CTTGAGGAAGGTAGGGGAGAATGGAATTCCTGGTGGAGCGGTGGAATGCGCAGATATCAG
GAGGAACACCAGTGGCGAAGGCGGTTCTCTGGGCCTTTCCTGACGCTGAG-GAGCGAAAG
CGTGGGGAGCGAACAGGCTTAGATACCCTGGTAGTCCACGCTGTAAACGGTGGGTA----
--CTAGGTG-TGGGGT----CCATTCCACGGGTTCCGTGCCGTAGCTAACGCTTTAAGTA
CCCCGCCTGGGGAGTACGGCC
>D.radiodurans.1
TTAGGAATCTTCCACAATGGGCGCAAGCCTGATGGAGCGACGCCGCGTGAGGGATGAAGG
TTTT-CGGATCGTAAACCTCTG-AATCTGGGACGAAAG--------------AGC-CTTA
GGG--------------------------CA----------GA-----------------
---------TGACGGTACCAGAGTAAT-AGCACCGGCTAACTCCGTGCCAGCAGCCGCGG
TAATACGGAGGGTGCAAGCGTTACCCGGAATCACTGGGCGTAAAGGGCGTGTAGGCGGAA
ATTTAAGTCTGGTTTTAAAGACCGGGGCTCAACCTCGGGGATGGACTGGATACTGGATTT
CTTGACCTCTGGAGAGGTAACTGGAATTCCTGGTGTAGCGGTGGAATGCGTAGATACCAG
GAGGAACACCAATGGCGAAGGCAAGTTACTGGACAGAAGGTGACGCTGAG-GCGCGAAAG
TGTGGGGAGCAAACCGGATTAGATACCCGGGTAGTCCACACCCTAAACGATG--TACGTT
GGCTAAGCG-CAGG-------------ATGCTGTGCTTGGCGAAGCTAACGCGATAAACG
TACCGCCTGGGAAGTACGGCC
>H.pylori.1
TAGGGAATATTGCTCAATGGGGGAAACCCTGAAGCAGCAACGCCGCGTGGAGGATGAAGG
TTTT-AGGATTGTAAACTCCTTTTGTTAGAGAAGA-------------------------
-----------------------------TA-----------A-----------------
---------TGACGGTATCTAACGAATAAGCACCGGCTAACTCCGTGCCAGCAGCCGCGG
TAATACGGAGGGTGCAAGCGTTACTCGGAATCACTGGGCGTAAAGAGCGCGTAGGCGGGA
TAGTCAGTCAGGTGTGAAATCCTATGGCTTAACCATAGAACTGCATTTGAAACTACTATT
CTAGAGTGTGGGAGAGGTAGGTGGAATTCTTGGTGTAGGGGTAAAATCCGTAGAGATCAA
GAGGAATACTCATTGCGAAGGCGACCTGCTGGAACATTACTGACGCTGATTGCGCGAAAG
CGTGGGGAGCAAACAGGATTAGATACCCTGGTAGTCCACGCCCTAAACGATGGATG----
--CTAGTTGTTGGAGG----G--CTTAGTCTCTCCAGTAATGCAGCTAACGCATTAAGCA
TCCCGCCTGGGGAGTACGGTC
>A.baumannii.1
TGGGGAATATTGGACAATGGGGGGAACCCTGATCCAGCCATGCCGCGTGTGTGAAGAAGG
CCTT-ATGGTTGTAAAGCACTTTAAGCGAGGAGGA-------------------------
---GGCTACTTTAGTTAATACCTAGAGATAG-----------T-----------------
---------GGACGTTACTCGCAGAATAAGCACCGGCTAACTCTGTGCCAGCAGCCGCGG
TAATACAGAGGGTGCGAGCGTTAATCGGATTTACTGGGCGTAAAGCGTGCGTAGGCGGCT
TATTAAGTCGGATGTGAAATCCCCGAGCTTAACTTGGGAATTGCATTCGATACTGGTGAG
CTAGAGTATGGGAGAGGATGGTAGAATTCCAGGTGTAGCGGTGAAATGCGTAGAGATCTG
GAGGAATACCGATGGCGAAGGCAGCCATCTGGCCTAATACTGACGCTGAG-GTACGAAAG
CATGGGGAGCAAACAGGATTAGATACCCTGGTAGTCCATGCCGTAAACGATGTCTA----
--CTAGCCGTTGGGGC----C--TTTGAGGCTTT-AGTGGCGCAGCTAACGCGATAAGTA
GACCGCCTGGGGAGTACGGTC
>E.coli.1
TGGGGAATATTGCACAATGGGCGCAAGCCTGATGCAGCCATGCCGCGTGTATGAAGAAGG
CCTT-CGGGTTGTAAAGTACTTTCAGCGGGGAGGA-------------------------
---AGGGAGTAAAGTTAATACCT-TTGCTCA-----------T-----------------
---------TGACGTTACCCGCAGAAGAAGCACCGGCTAACTCCGTGCCAGCAGCCGCGG
TAATACGGAGGGTGCAAGCGTTAATCGGAATTACTGGGCGTAAAGCGCACGCAGGCGGTT
TGTTAAGTCAGATGTGAAATCCCCGGGCTCAACCTGGGAACTGCATCTGATACTGGCAAG
CTTGAGTCTCGTAGAGGGGGGTAGAATTCCAGGTGTAGCGGTGAAATGCGTAGAGATCTG
GAGGAATACCGGTGGCGAAGGCGGCCCCCTGGACGAAGACTGACGCTCAG-GTGCGAAAG
CGTGGGGAGCAAACAGGATTAGATACCCTGGTAGTCCACGCCGTAAACGATGTCGA----
--CTTGGAGGTTGTGC----C--CTTGAGGCGTG-GCTTCCGGAGCTAACGCGTTAAGTC
GACCGCCTGGGGAGTACGGCC
>P.aeruginosa.1
TGGGGAATATTGGACAATGGGCGAAAGCCTGATCCAGCCATGCCGCGTGTGTGAAGAAGG
TCTT-CGGATTGTAAAGCACTTTAAGTTGGGAGGA-------------------------
---AGGGCAGTAAGTTAATACCT-TGCTGTT-----------T-----------------
---------TGACGTTACCAACAGAATAAGCACCGGCTAACTTCGTGCCAGCAGCCGCGG
TAATACGAAGGGTGCAAGCGTTAATCGGAATTACTGGGCGTAAAGCGCGCGTAGGTGGTT
CAGCAAGTTGGATGTGAAATCCCCGGGCTCAACCTGGGAACTGCATCCAAAACTACTGAG
CTAGAGTACGGTAGAGGGTGGTGGAATTTCCTGTGTAGCGGTGAAATGCGTAGATATAGG
AAGGAACACCAGTGGCGAAGGCGACCACCTGGACTGATACTGACACTGAG-GTGCGAAAG
CGTGGGGAGCAAACAGGATTAGATACCCTGGTAGTCCACGCCGTAAACGATGTCGA----
--CTAGCCGTTGGGAT----C--CTTGAGATCTT-AGTGGCGCAGCTAACGCGATAAGTC
GACCGCCTGGGGAGTACGGCC
>P.aeruginosa.2
TGGGGAATATTGGACAATGGGCGAAAGCCTGATCCAGCCATGCCGCGTGTGTGAAGAAGG
TCTT-CGGATTGTAAAGCACTTTAAGTTGGGAGGA-------------------------
---AGGGCAGTAAGTTAATACCT-TGCTGTT-----------T-----------------
---------TGACGTTACCAACAGAATAAGCACCGGCTAACTTCGTGCCAGCAGCCGCGG
TAATACGAAGGGTGCAAGCGTTAATCGGAATTACTGGGCGTAAAGCGCGCGTAGGTGGTT
CAGCAAGTTGGATGTGAAATCCCCGGGCTCAACCTGGGAACTGCATCCAAAACTACTGAG
CTAGAGTACGGTAGAGGGTGGTGGAATTTCCTGTGTAGCGGTGAAATGCGTAGATATAGG
AAGGAACACCAGTGGCGAAGGCGACCACCTGGACTGATACTGACACTGAG-GTGCGAAAG
CGTGGGGAGCAAACAGGATTAGATACCCTGGTAGTCCACGCCGTAAACGATGTCGA----
--CTAGCCGTTGGGAT----C--CTTGAGATCAT-AGTGGCGCAGCTAACGCGATAAGTC
GACCGCCTGGGGAGTACGGCC
>N.meningitidis.1
TGGGGAATTTTGGACAATGGGCGCAAGCCTGATCCAGCCATGCCGCGTGTCTGAAGAAGG
CCTT-CGGGTTGTAAAGGACTTTTGTCAGGGAAGA-------------------------
---AAAGGCTGTTGCTAATATCA-GCGGCTG-----------A-----------------
---------TGACGGTACCTGAAGAATAAGCACCGGCTAACTACGTGCCAGCAGCCGCGG
TAATACGTAGGGTGCGAGCGTTAATCGGAATTACTGGGCGTAAAGCGGGCGCAGACGGTT
ACTTAAGCAGGATGTGAAATCCCCGGGCTCAACCCGGGAACTGCGTTCTGAACTGGGTGA
CTCGAGTGTGTCAGAGGGAGGTAGAATTCCACGTGTAGCAGTGAAATGCGTAGAGATGTG
GAGGAATACCGATGGCGAAGGCAGCCTCCTGGGACAACACTGACGTTCAT-GCCCGAAAG
CGTGGGTAGCAAACAGGATTAGATACCCTGGTAGTCCACGCCCTAAACGATGTCAA----
--TTAGCTGTTGGGCA----A--CCTGATTGCTT-GGTAGCGTAGCTAACGCGTGAAATT
GACCGCCTGGGGAGTACGGTC
>R.sphaeroides.1
TGGGGAATCTTAGACAATGGGCGCAAGCCTGATCTAGCCATGCCGCGTGATCGATGAAGG
CCTT-AGGGTTGTAAAGATCTTTCAGGTGGGAAGA-------------------------
-----------------------------TA-----------A-----------------
---------TGACGGTACCACCAGAAGAAGCCCCGGCTAACTCCGTGCCAGCAGCCGCGG
TAATACGGAGGGGGCTAGCGTTATTCGGAATTACTGGGCGTAAAGCGCACGTAGGCGGAT
CGGAAAGTCAGAGGTGAAATCCCAGGGCTCAACCCTGGAACTGCCTTTGAAACTCCCGAT
CTTGAGGTCGAGAGAGGTGAGTGGAATTCCGAGTGTAGAGGTGAAATTCGTAGATATTCG
GAGGAACACCAGTGGCGAAGGCGGCTCACTGGCTCGATACTGACGCTGAG-GTGCGAAAG
CGTGGGGAGCAAACAGGATTAGATACCCTGGTAGTCCACGCCGTAAACGATGAATG----
--CCAGTCGTCGGGCA----G--CATGCTGT-TC-GGTGACACACCTAACGGATTAAGCA
TTCCGCCTGGGGAGTACGGCC
