>B.vulgatus.1
TGAGGAATATTGGTCAATGGGCGCAGGCCTGAACCAGCCAAGTAGCGTGAAGGATGACTG
CCCTATGGGTTGTAAACTTCTTTTATAAAGGAATAAAGTCGGG-----------------
-------------------------------------TATGGATACCCGTT---------
-----------------TGCATGTACTTTATGAATAAGGATCGGCTAACTCCGTGCCAGC
AGCCGCGGTAATACGGAGGATCCGAGCGTTATCCGGATTTATTGGGTTTAAAGGGAGCGT
AGATGGATGTTTAAGTCAGTTGTGAAAGTTTGCGGCTCAACCGTAAAATTGCAGTTGATA
CTGGATATCTTGAGTGCAGTTGAGGCAGGCGGAATTCGTGGTGTAGCGGTGAAATGCTTA
GATATCACGAAGAACTCCGATTGCGAAGGCAGCCTGCTAAGCTGCAACTGACATTGAG-G
CTCGAAAGTGTGGGTATCAAACAGGATTAGATACCCTGGTAGTCCACACGGTAAACGATG
AATA----CTCGCTGTTTGCGA------TATACGG-CAAGCGGCCA-AGCGAAAGCGTTA
AGTATTCCACCTGGGGAGTACGCCG
>B.vulgatus.2
TGAGGAATATTGGTCAATGGGCGAGAGCCTGAACCAGCCAAGTAGCGTGAAGGATGACTG
CCCTATGGGTTGTAAACTTCTTTTATAAAGGAATAAAGTCGGG-----------------
-------------------------------------TATGGATACCCGTT---------
-----------------TGCATGTACTTTATGAATAAGGATCGGCTAACTCCGTGCCAGC
AGCCGCGGTAATACGGAGGATCCGAGCGTTATCCGGATTTATTGGGTTTAAAGGGAGCGT
AGATGGATGTTTAAGTCAGTTGTGAAAGTTTGCGGCTCAACCGTAAAATTGCAGTTGATA
CTGGATATCTTGAGTGCAGTTGAGGCAGGCGGAATTCGTGGTGTAGCGGTGAAATGCTTA
GATATCACGAAGAACTCCGATTGCGAAGGCAGCCTGCTAAGCTGCAACTGACATTGAG-G
CTCGAAAGTGTGGGTATCAAACAGGATTAGATACCCTGGTAGTCCACACGGTAAACGATG
AATA----CTCGCTGTTTGCGA------TATACGG-CAAGCGGCCA-AGCGAAAGCGTTA
AGTATTCCACCTGGGGAGTACGCCG
>B.vulgatus.4
TGAGGAATATTGGTCAATGGGCGAGAGCCTGAACCAGCCAAGTAGCGTGAAGGATGACTG
CCCTATGGGTTGTAAACTTCTTTTATAAAGGAATAAAGTCGGG-----------------
-------------------------------------TATGGATACCCGTT---------
-----------------TGCATGTACTTTATGAATAAGGATCGGCTAACTCCGTGCCAGC
AGCCGCGGTAATACGGAGGATCCGAGCGTTATCCGGATTTATTGGGTTTAAAGGGAGCGT
AGATGGATATTTAAGTCAGTTGTGAAAGTTTGCGGCTCAACCGTAAAATTGCAGTTGATA
CTGGATATCTTGAGTGCAGTTGAGGCAGGCGGAATTCGTGGTGTAGCGGTGAAATGCTTA
GATATCACGAAGAACTCCGATTGCGAAGGCAGCCTGCTAAGCTGCAACTGACATTGAG-G
CTCGAAAGTGTGGGTATCAAACAGGATTAGATACCCTGGTAGTCCACACGGTAAACGATG
AATA----CTCGCTGTTTGCGA------TATACTG-CAAGCGGCCA-AGCGAAAGCGTTA
AGTATTCCACCTGGGGAGTACGCCG
>B.vulgatus.5
TGAGGAATATTGGTCAATGGGCGAGAGCCTGAACCAGCCAAGTAGCGTGAAGGATGACTG
CCCTATGGGTTGTAAACTTCTTTTATAAAGGAATAAAGTCGGG-----------------
-------------------------------------TATGGATACCCGTT---------
-----------------TGCATGTACTTTATGAATAAGGATCGGCTAACTCCGTGCCAGC
AGCCGCGGTAATACGGAGGATCCGAGCGTTATCCGGATTTATTGGGTTTAAAGGGAGCGT
AGATGGATGTTTAAGTCAGTTGTGAAAGTTTGCGGCTCAACCGTAAAATTGCAGTTGATA
CTGGATATCTTGAGTGCAGTTGAGGCAGGCGGAATTCGTGGTGTAGCGGTGAAATGCTTA
GATATCACGAAGAACTCCGATTGCGAAGGCAGCCTGCTAAGCTGCAACTGACATTGAG-G
CTCGAAAGTGTGGGTATCAAACAGGATTAGATACCCTGGTAGTCCACACGGTAAACGATG
AATA----CTCGCTGTTTGCGA------TATACTG-CAAGCGGCCA-AGCGAAAGCGTTA
AGTATTCCACCTGGGGAGTACGCCG
>B.vulgatus.7
TGAGGAATATTGGTCAATGGGCGAGAGCCTGAACCAGCCAAGTAGCGTGAAGGATGACTG
CCCTATGGGTTGTAAACTTCTTTTATAAAGGAATAAAGTCGGG-----------------
-------------------------------------TATGCATACCCGTT---------
-----------------TGCATGTACTTTATGAATAAGGATCGGCTAACTCCGTGCCAGC
AGCCGCGGTAATACGGAGGATCCGAGCGTTATCCGGATTTATTGGGTTTAAAGGGAGCGT
AGATGGATGTTTAAGTCAGTTGTGAAAGTTTGCGGCTCAACCGTAAAATTGCAGTTGATA
CTGGATATCTTGAGTGCAGTTGAGGCAGGCGGAATTCGTGGTGTAGCGGTGAAATGCTTA
GATATCACGAGGAACTCCGATTGCGAAGGCAGCCTGCTAAGCTGCAACTGACATTGAG-G
CTCGAAAGTGTGGGTATCAAACAGGATTAGATACCCTGGTAGTCCACACGGTAAACGATG
AATA----CTCGCTGTTTGCGA------TATACGG-CAAGCGGCCA-AGCGAAAGCGTTA
AGTATTCCACCTGGGGAGTACGCCG
>P.gingivalis.1
TGAGGAATATTGGTCAATGGGCGAGAGCCTGAACCAGCCAAGTCGCGTGAAGGAAGACTG
TCCTAAGGATTGTAAACTTCTTTTATACGGGAATAACGGGCGA-----------------
-------------------------------------TACGAGTATTGCAT---------
-----------------TGAATGTACCGTAAGAATAAGCATCGGCTAACTCCGTGCCAGC
AGCCGCGGTAATACGGAGGATGCGAGCGTTATCCGGATTTATTGGGTTTAAAGGGTGCGT
AGGTTGTTCGGTAAGTCAGCGGTGAAACCTGAGCGCTCAACGTTCAGCCTGCCGTTGAAA
CTGCCGGGCTTGAGTTCAGCGGCGGCAGGCGGAATTCGTGGTGTAGCGGTGAAATGCATA
GATATCACGAGGAACTCCGATTGCGAAGGCAGCTTGCCATACTGCGACTGACACTGAA-G
CACGAAGGCGTGGGTATCAAACAGGATTAGATACCCTGGTAGTCCACGCAGTAAACGATG
ATTA----CTAGGAGTTTGCGA------TATACCGTCAAGCTTCCACAGCGAAAGCGTTA
AGTAATCCACCTGGGGAGTACGCCG
>S.epidermidis.1
TAGGGAATCTTCCGCAATGGGCGAAAGCCTGACGGAGCAACGCCGCGTGAGTGATGAAGG
TCTT-CGGATCGTAAAACTCTGTTATTAGGGAA--------GAACA--------------
AAT-GTGTAAG--------------------------TA-----------ACTAT-----
-------GCACGTC--TTGACGGTACCTAATCAGAAAGCCACGGCTAACTACGTGCCAGC
AGCCGCGGTAATACGTAGGTGGCAAGCGTTATCCGGAATTATTGGGCGTAAAGCGCGCGT
AGGCGGTTTTTTAAGTCTGATGTGAAAGCCCACGGCTCAACCGTGGAGGGTCATTGGAAA
CTGGAAAACTTGAGTGCAGAAGAGGAAAGTGGAATTCCATGTGTAGCGGTGAAATGCGCA
GAGATATGGAGGAACACCAGTGGCGAAGGCGACTTTCTGGTCTGTAACTGACGCTGAT-G
TGCGAAAGCGTGGGGATCAAACAGGATTAGATACCCTGGTAGTCCACGCCGTAAACGATG
AGTG----CTAAGTGTTAGGGGG--TTTCCGCCCCTTAG--TGCTGCAGCTAACGCATTA
AGCACTCCGCCTGGGGAGTACGACC
>S.epidermidis.2
TAGGGAATCTTCCGCAATGGGCGAAAGCTTGACGGAGCAACGCCGCGTGAGTGATGAAGG
TCTT-CGGATCGTAAAACTCTGTTATTAGGGAA--------GAACA--------------
AAT-GTGTAAG--------------------------TA-----------ACTAT-----
-------GCACGTC--TTGACGGTACCTAATCAGAAAGCCACGGCTAACTACGTGCCAGC
AGCCGCGGTAATACGTAGGTGGCAAGCGTTATCCGGAATTATTGGGCGTAAAGCGCGCGT
AGGCGGTTTTTTAAGTCTGATGTGAAAGCCCACGGCTCAACCGTGGAGGGTCATTGGAAA
CTGGAAAACTTGAGTGCAGAAGAGGAAAGTGGAATTCCATGTGTAGCGGTGAAATGCGCA
GAGATATGGAGGAACACCAGTGGCGAAGGCGACTTTCTGGTCTGTAACTGACGCTGAT-G
TGCGAAAGCGTGGGGATCAAACAGGATTAGATACCCTGGTAGTCCACGCCGTAAACGATG
AGTG----CTAAGTGTTAGGGGG--TTTCCGCCCCTTAG--TGCTGCAGCTAACGCATTA
AGCACTCCGCCTGGGGAGTACGACC
>S.aureus.1
TAGGGAATCTTCCGCAATGGGCGAAAGCCTGACGGAGCAACGCCGCGTGAGTGATGAAGG
TCTT-CGGATCGTAAAACTCTGTTATTAGGGAA--------GAACA--------------
TAT-GTGTAAG--------------------------TA-----------ACTGT-----
-------GCACATC--TTGACGGTACCTAATCAGAAAGCCACGGCTAACTACGTGCCAGC
AGCCGCGGTAATACGTAGGTGGCAAGCGTTATCCGGAATTATTGGGCGTAAAGCGCGCGT
AGGCGGTTTTTTAAGTCTGATGTGAAAGCCCACGGCTCAACCGTGGAGGGTCATTGGAAA
CTGGAAAACTTGAGTGCAGAAGAGGAAAGTGGAATTCCATGTGTAGCGGTGAAATGCGCA
GAGATATGGAGGAACACCAGTGGCGAAGGCGACTTTCTGGTCTGTAACTGACGCTGAT-G
TGCGAAAGCGTGGGGATCAAACAGGATTAGATACCCTGGTAGTCCACGCCGTAAACGATG
AGTG----CTAAGTGTTAGGGGG--TTTCCGCCCCTTAG--TGCTGCAGCTAACGCATTA
AGCACTCCGCCTGGGGAGTACGACC
>S.aureus.5
TAGGGAATCTTCCGCAATGGGCGAAAGCCTGACGGAGCAACGCCGCGTGAGTGATGAAGG
TCTT-CGGATCGTAAAACTCTGTTATTAGGGAA--------GAACA--------------
TAT-GTGTAAG--------------------------TA-----------ACTGT-----
-------GCACATC--TTGACGGTACCTAATCAGAAAGCCACGGCTAACTACGTGCCAGC
AGCCGCGGTAATACGTAGGTGGCAAGCGTTATCCGGAATTATTGGGCGTAAAGCGCGCGT
AGGCGGTTTTTTAAGTCTGATGTGAAAGCCCACGGCTCAACCGTGGAGGGTTATTGGAAA
CTGGAAAACTTGAGTGCAGAAGAGGAAAGTGGAATTCCATGTGTAGCGGTGAAATGCGCA
GAGATATGGAGGAACACCAGTGGCGAAGGCGACTTTCTGGTCTGTAACTGACGCTGAT-G
TGCGAAAGCGTGGGGATCAAACAGGATTAGATACCCTGGTAGTCCACGCCGTAAACGATG
AGTG----CTAAGTGTTAGGGGG--TTTCCGCCCCTTAG--TGCTGCAGCTAACGCATTA
AGCACTCCGCCTGGGGAGTACGACC
>S.epidermidis.5
TAGGGAATCTTCCGCAATGGGCGAAAGCTTGACGGAGCAACGCCGCGTGAGTGATGAAGG
TCTT-CGGATCGTAAAACTCTGTTATTAGGGAA--------GAACA--------------
AAT-GTCTAAG--------------------------TA-----------ACTAT-----
-------GCACGTC--TTGACGGTACCTAATCAGAAAGCCACGGCTAACTACGTGCCAGC
AGCCGCGGTAATACGTAGGTGGCAAGCGTTGTCCGGAATCATTGGGCGTAAAGCGCGCGT
AGGCGGTTTCTTAAGTCTGATGTGAAAGCCCACGGCTCAACCGTGGAGGGTCATTGGAAA
CTGGAGGACTTGAGTGCAGAAGAGGAAAGTGGAATTCCATGTGTAGCGGTGAAATGCGCA
GAGATATGGAGGAACACCAGTGGCGAAGGCGACTTTCTGGTCTGTAACTGACGCTGAT-G
TGCGAAAGCGTGGGGATCAAACAGGATTAGATACCCTGGTAGTCCACGCCGTAAACGATG
AGTG----CTAAGTGTTAGGGGG--TTTCCGCCCCTTAG--TGCTGCAGCTAACGCATTA
AGCACTCCGCCTGGGGAGTACGACC
>B.cereus.1
TAGGGAATCTTCCGCAATGGACGAAAGTCTGACGGAGCAACGCCGCGTGAGTGATGAAGG
CTTT-CGGGTCGTAAAACTCTGTTGTTAGGGAA--------GAACA--------------
AGT-G----------------------------------------------CTAGTTGAA
TAAGCTGGCAC--C--TTGACGGTACCTAACCAGAAAGCCACGGCTAACTACGTGCCAGC
AGCCGCGGTAATACGTAGGTGGCAAGCGTTATCCGGAATTATTGGGCGTAAAGCGCGCGC
AGGTGGTTTCTTAAGTCTGATGTGAAAGCCCACGGCTCAACCGTGGAGGGTCATTGGAAA
CTGGGAGACTTGAGTGCAGAAGAGGAAAGTGGAATTCCATGTGTAGCGGTGAAATGCGTA
GAGATATGGAGGAACACCAGTGGCGAAGGCGACTTTCTGGTCTGTAACTGACACTGAG-G
CGCGAAAGCGTGGGGAGCAAACAGGATTAGATACCCTGGTAGTCCACGCCGTAAACGATG
AGTG----CTAAGTGTTAGAGGG--TTTCCGCCCTTTAG--TGCTGAAGTTAACGCATTA
AGCACTCCGCCTGGGGAGTACGGCC
>E.faecalis.1
TAGGGAATCTTCGGCAATGGACGAAAGTCTGACCGAGCAACGCCGCGTGAGTGAAGAAGG
TTTT-CGGATCGTAAAACTCTGTTGTTAGAGAA--------GAACA--------------
AGG-ACGTTAG--------------------------TA-----------ACT-------
-------GAACGTCCCCTGACGGTATCTAACCAGAAAGCCACGGCTAACTACGTGCCAGC
AGCCGCGGTAATACGTAGGTGGCAAGCGTTGTCCGGATTTATTGGGCGTAAAGCGAGCGC
AGGCGGTTTCTTAAGTCTGATGTGAAAGCCCCCGGCTCAACCGGGGAGGGTCATTGGAAA
CTGGGAGACTTGAGTGCAGAAGAGGAGAGTGGAATTCCATGTGTAGCGGTGAAATGCGTA
GATATATGGAGGAACACCAGTGGCGAAGGCGGCTCTCTGGTCTGTAACTGACGCTGAG-G
CTCGAAAGCGTGGGGAGCAAACAGGATTAGATACCCTGGTAGTCCACGCCGTAAACGATG
AGTG----CTAAGTGTTGGAGGG--TTTCCGCCCTTCAG--TGCTGCAGCAAACGCATTA
AGCACTCCGCCTGGGGAGTACGACC
>E.faecalis.2
TAGGGAATCTTCGGCAATGGACGAAAGTCTGACCGAGCAACGCCGCGTGAGTGAAGAAGG
TTTT-CGGATCGTAAAACTCTGTTGTTAGAGAA--------GAACA--------------
AGG-ACGTTAG--------------------------TA-----------ACT-------
-------GAACGTCCCCTGACGGTATCTAACCAGAAAGCCACGGCTAACTACGTGCCAGC
AGCCGCGGTAATACGTAGGTGGCAAGCGTTGTCCGGATTTATTGGGCGTAAAGCGAGCGC
AGGCGGTTTCTTAAGTCTGATGTGAAAGCCCCCGGCTCAACCGGGGAGGGTCATTGGAAA
CTGGGAGACTTGAGTGCAGAAGAGGAGAGTGGAATTCCATGTGTAGCGGTGAAATGCGTA
GATATATGGAGGAACACCAGTGGCGAAGGCGGCTCTCTGGTCTGTAACTGACGCTGAG-G
CTCGAAAGCGTGGGGAGCAAACAGGATTAGATACCCTGGTAGTCCACGCCGTAAACGATG
AGTG----CTAAGTGTTGGAGGG--TTTCCGCCCTTCAG--TGCTGCAGCAAACGCATTA
AGCACTCCGCCTGGGGAGTACGACC
>L.monocytogenes.1
TAGGGAATCTTCCGCAATGGACGAAAGTCTGACGGAGCAACGCCGCGTGTATGAAGAAGG
TTTT-CGGATCGTAAAGTACTGTTGTTAGAGAA--------GAACA--------------
AGG-ATAAGAG--------------------------TA-----------ACT-------
-------GCTTGTCCCTTGACGGTATCTAACCAGAAAGCCACGGCTAACTACGTGCCAGC
AGCCGCGGTAATACGTAGGTGGCAAGCGTTGTCCGGATTTATTGGGCGTAAAGCGCGCGC
AGGCGGTCTTTTAAGTCTGATGTGAAAGCCCCCGGCTTAACCGGGGAGGGTCATTGGAAA
CTGGAAGACTGGAGTGCAGAAGAGGAGAGTGGAATTCCACGTGTAGCGGTGAAATGCGTA
GATATGTGGAGGAACACCAGTGGCGAAGGCGACTCTCTGGTCTGTAACTGACGCTGAG-G
CGCGAAAGCGTGGGGAGCAAACAGGATTAGATACCCTGGTAGTCCACGCCGTAAACGATG
AGTG----CTAAGTGTTAGGGGG--TTTCCGCCCCTTAG--TGCTGCAGCTAACGCATTA
AGCACTCCGCCTGGGGAGTACGACC
>L.gasseri.1
TAGGGAATCTTCCACAATGGACGCAAGTCTGATGGAGCAACGCCGCGTGAGTGAAGAAGG
GTTT-CGGCTCGTAAAGCTCTGTTGGTAGTGAA--------GAAAG--------------
ATA-GAGGTAG--------------------------TA-----------ACT-------
-------GGCCTTTATTTGACGGTAATTACTTAGAAAGTCACGGCTAACTACGTGCCAGC
AGCCGCGGTAATACGTAGGTGGCAAGCGTTGTCCGGATTTATTGGGCGTAAAGCGAGTGC
AGGCGGTTCAATAAGTCTGATGTGAAAGCCTTCGGCTCAACCGGAGAATTGCATCAGAAA
CTGTTGAACTTGAGTGCAGAAGAGGAGAGTGGAACTCCATGTGTAGCGGTGGAATGCGTA
GATATATGGAAGAACACCAGTGGCGAAGGCGGCTCTCTGGTCTGCAACTGACGCTGAG-G
CTCGAAAGCATGGGTAGCGAACAGGATTAGATACCCTGGTAGTCCATGCCGTAAACGATG
AGTG----CTAAGTGTTGGGAGG--TTTCCGCCTCTCAG--TGCTGCAGCTAACGCATTA
AGCACTCCGCCTGGGGAGTACGACC
>S.agalactiae.1
TAGGGAATCTTCGGCAATGGACGGAAGTCTGACCGAGCAACGCCGCGTGAGTGAAGAAGG
TTTT-CGGATCGTAAAGCTCTGTTGTTAGAGAA--------GAACG--------------
TTG-GTAGGAG--------------------------TGGAAAATCTAC-CAA-------
-------G---------TGACGGTAACTAACCAGAAAGGGACGGCTAACTACGTGCCAGC
AGCCGCGGTAATACGTAGGTCCCGAGCGTTGTCCGGATTTATTGGGCGTAAAGCGAGCGC
AGGCGGTTCTTTAAGTCTGAAGTTAAAGGCAGTGGCTTAACCATTGTAC-GCTTTGGAAA
CTGGAGGACTTGAGTGCAGAAGGGGAGAGTGGAATTCCATGTGTAGCGGTGAAATGCGTA
GATATATGGAGGAACACCGGTGGCGAAAGCGGCTCTCTGGTCTGTAACTGACGCTGAG-G
CTCGAAAGCGTGGGGAGCAAACAGGATTAGATACCCTGGTAGTCCACGCCGTAAACGATG
AGTG----CTAGGTGTTAGGCCC--TTTCCGGGGCTTAG--TGCCGCAGCTAACGCATTA
AGCACTCCGCCTGGGGAGTACGACC
>S.mutans.1
TAGGGAATCTTCGGCAATGGACGAAAGTCTGACCGAGCAACGCCGCGTGAGTGAAGAAGG
TTTT-CGGATCGTAAAGCTCTGTTGTAAGTCAA--------GAACG--------------
TGT-GTGAGAG--------------------------TGGAAAGTTCAC-ACA-------
-------G---------TGACGGTAGCTTACCAGAAAGGGACGGCTAACTACGTGCCAGC
AGCCGCGGTAATACGTAGGTCCCGAGCGTTGTCCGGATTTATTGGGCGTAAAGGGAGCGC
AGGCGGTCAGGAAAGTCTGGAGTAAAAGGCTATGGCTCAACCATAGTGT-GCTCTGGAAA
CTGTCTGACTTGAGTGCAGAAGGGGAGAGTGGAATTCCATGTGTAGCGGTGAAATGCGTA
GATATATGGAGGAACACCAGTGGCGAAAGCGGCTCTCTGGTCTGTCACTGACGCTGAG-G
CTCGAAAGCGTGGGTAGCGAACAGGATTAGATACCCTGGTAGTCCACGCCGTAAACGATG
AGTG----CTAGGTGTTAGGCCC--TTTCCGGGGCTTAG--TGCCGGAGCTAACGCAATA
AGCACTCCGCCTGGGGAGTACGACC
>S.pneumoniae.1
TAGGGAATCTTCGGCAATGGACGGAAGTCTGACCGAGCAACGCCGCGTGAGTGAAGAAGG
TTTT-CGGATCGTAAAGCTCTGTTGTAAGAGAA--------GAACG--------------
AGT-GTGAGAG--------------------------TGGAAAGTTCAC-ACT-------
-------G---------TGACGGTATCTTACCAGAAAGGGACGGCTAACTACGTGCCAGC
AGCCGCGGTAATACGTAGGTCCCGAGCGTTGTCCGGATTTATTGGGCGTAAAGCGAGCGC
AGGCGGTTAGATAAGTCTGAAGTTAAAGGCTGTGGCTTAACCATAGTAG-GCTTTGGAAA
CTGTTTAACTTGAGTGCAAGAGGGGAGAGTGGAATTCCATGTGTAGCGGTGAAATGCGTA
GATATATGGAGGAACACCGGTGGCGAAAGCGGCTCTCTGGCTTGTAACTGACGCTGAG-G
CTCGAAAGCGTGGGGAGCAAACAGGATTAGATACCCTGGTAGTCCACGCTGTAAACGATG
AGTG----CTAGGTGTTAGACCC--TTTCCGGGGTTTAG--TGCCGTAGCTAACGCATTA
AGCACTCCGCCTGGGGAGTACGACC
>C.beijerinckii.1
TGGGGAATATTGCACAATGGGGGAAACCCTGATGCAGCAACGCCGCGTGAGTGATGACGG
TCTT-CGGATTGTAAAGCTCTGTCTTCAGGGAC--------GA-----------------
-------------------------------------TA-----------A---------
-----------------TGACGGTACCTGAGGAGGAAGCCACGGCTAACTACGTGCCAGC
AGCCGCGGTAATACGTAGGTGGCAAGCGTTGTCCGGATTTACTGGGCGTAAAGGGAGCGT
AGGTGGATATTTAAGTGGGATGTGAAATACTCGGGCTTAACCTGGGTGCTGCATTCCAAA
CTGGATATCTAGAGTGCAGGAGAGGAAAGTAGAATTCCTAGTGTAGCGGTGAAATGCGTA
GAGATTAGGAAGAATACCAGTGGCGAAGGCGACTTTCTGGACTGTAACTGACACTGAG-G
CTCGAAAGCGTGGGGAGCAAACAGGATTAGATACCCTGGTAGTCCACGCCGTAAACGATG
AATA----CTAGGTGT-AGGGGT--TGTCATGACCTCTG--TGCCGCCGCTAACGCATTA
AGTATTCCGCCTGGGGAGTACGGTC
>C.beijerinckii.4
TGGGGAATATTGCACAATGGGGGAAACCCTGATGCAGCAACGCCGCGTGAGTGATGACGG
TCTT-CGGATTGTAAAGCTCTGTCTTCAGGGAC--------GA-----------------
-------------------------------------TA-----------A---------
-----------------TGACGGTACCTGAGGAGGAAGCCACGGCTAACTACGTGCCAGC
AGCCGCGGTAATACGTAGGTGGCAAGCGTTGTCCGGATTTACTGGGCGTAAAGGGAGCGT
AGGTGGATATTTAAGTGGGATGTGAAATACTCGGGCTTAACCTGGGTGCTGCATTCCAAA
CTGGATATCTAGAGTGCAGGAGAGGAAAGTAGAATTCTTAGTGTAGCGGTGAAATGCGTA
GAGATTAGGAAGAATACCAGTGGCGAAGGCGACTTTCTGGACTGTAACTGACACTGAG-G
CTCGAAAGCGTGGGGAGCAAACAGGATTAGATACCCTGGTAGTCCACGCCGTAAACGATG
AATA----CTAGGTGT-AGGGGT--TGTCATGACCTCTG--TGCCGCCGCTAACGCATTA
AGTATTCCGCCTGGGGAGTACGGTC
>C.beijerinckii.3
TGGGGAATATTGCACAATGGGGGAAACCCTGATGCAGCAACGCCGCGTGAGTGATGACGG
TCTT-CGGATTGTAAAGCTCTGTCTTCAGGGAC--------GA-----------------
-------------------------------------TA-----------A---------
-----------------TGACGGTACCTGAGGAGGAAGCCACGGCTAACTACGTGCCAGC
AGCCGCGGTAATACGTAGGTGGCAAGCGTTGTCCGGATTTACTGGGCGTAAAGGGAGCGT
AGGTGGATATTTAAGTGGGATGTGAAATACTCGGGCTTAACCTGGGTGCTGCATTCCAAA
CTGGATATCTAGAGTGCAGGAGAGGAAAGTAGAATTCCTAGTGTAGCGGTGAAATGCGTA
GAGATTAGGAAGAATACCAGTGGCGAAGGCGACTTTCTGGACTGTAACTGACACTGAG-G
CTCGAAAGCGTGGGGAGCAAACAGGATTAGATACCCTGGTAGTCCACGCCGTAAACGATG
AATA----CTAGGTGT-AGGGGT--TGTCATGACCTCTG--TGCCGTCGCTAACGCATTA
AGTATTCCGCCTGGGGAGTACGGTC
>A.odontolyticus.1
TGGGGAATATTGCACAATGGGCGAAAGCCTGATGCAGCGACGCCGCGTGAGGGATGGAGG
CCTT-CGGGTTGTAAACCTCTTTCGCTCATGGT--------CAAGCCGCAACTCAAGGTT
GTG-GTGAGGG--------------------------TA-----------G---------
-----------------TG--GGTA-------AAGAAGCGCCGGCTAACTACGTGCCAGC
AGCCGCGGTAATACGTAGGGCGCGAGCGTTGTCCGGAATTATTGGGCGTAAAGGGCTTGT
AGGCGGTTGGTCGCGTCTGCCGTGAAATCCTCTGGCTTAACTGGGGGCGTGCGGTGGGTA
CGGGCTGACTTGAGTGCGGTAGGGGAGACTGGAACTCCTGGTGTAGCGGTGGAATGCGCA
GATATCAGGAAGAACACCGGTGGCGAAGGCGGGTCTCTGGGCCGTTACTGACGCTGAG-G
AGCGAAAGCGTGGGGAGCGAACAGGATTAGATACCCTGGTAGTCCACGCTGTAAACGTTG
GGCA----CTAGGTGT-GGGGGCCAC-CCGTGGTTTCTG--CGCCGTAGCTAACGCTTTA
AGTGCCCCGCCTGGGGAGTACGGCC
>P.acnes.1
TGGGGAATATTGCACAATGGGCGGAAGCCTGATGCAGCAACGCCGCGTGCGGGATGACGG
CCTT-CGGGTTGTAAACCGCTTTCGCCTGTGAC--------GAAGC--------------
GTGAGTGACGG--------------------------TA-----------A---------
-----------------TG--GGTA-------AAGAAGCACCGGCTAACTACGTGCCAGC
AGCCGCGGTGATACGTAGGGTGCGAGCGTTGTCCGGATTTATTGGGCGTAAAGGGCTCGT
AGGTGGTTGATCGCGTCGGAAGTGTAATCTTGGGGCTTAACCCTGAGCGTGCTTTCGATA
CGGGTTGACTTGAGGAAGGTAGGGGAGAATGGAATTCCTGGTGGAGCGGTGGAATGCGCA
GATATCAGGAGGAACACCAGTGGCGAAGGCGGTTCTCTGGGCCTTTCCTGACGCTGAG-G
AGCGAAAGCGTGGGGAGCGAACAGGCTTAGATACCCTGGTAGTCCACGCTGTAAACGGTG
GGTA----CTAGGTGT-GGGGTCCATTCCACGGGTTCCG--TGCCGTAGCTAACGCTTTA
AGTACCCCGCCTGGGGAGTACGGCC
>D.radiodurans.1
TTAGGAATCTTCCACAATGGGCGCAAGCCTGATGGAGCGACGCCGCGTGAGGGATGAAGG
TTTT-CGGATCGTAAACCTCTG-AATCTGGGAC--------GAAAG--------------
AGC-CTTAGGG--------------------------CA----------GA---------
-----------------TGACGGTACCAGAGTAAT-AGCACCGGCTAACTCCGTGCCAGC
AGCCGCGGTAATACGGAGGGTGCAAGCGTTACCCGGAATCACTGGGCGTAAAGGGCGTGT
AGGCGGAAATTTAAGTCTGGTTTTAAAGACCGGGGCTCAACCTCGGGGATGGACTGGATA
CTGGATTTCTTGACCTCTGGAGAGGTAACTGGAATTCCTGGTGTAGCGGTGGAATGCGTA
GATACCAGGAGGAACACCAATGGCGAAGGCAAGTTACTGGACAGAAGGTGACGCTGAG-G
CGCGAAAGTGTGGGGAGCAAACCGGATTAGATACCCGGGTAGTCCACACCCTAAACGATG
TACGTTGGCTAAGCGC-AGG---------ATGCTGTGCT--TGGCGAAGCTAACGCGATA
AACGTACCGCCTGGGAAGTACGGCC
>H.pylori.1
TAGGGAATATTGCTCAATGGGGGAAACCCTGAAGCAGCAACGCCGCGTGGAGGATGAAGG
TTTT-AGGATTGTAAACTCCTTTTGTTAGAGAA--------GA-----------------
-------------------------------------TA-----------A---------
-----------------TGACGGTATCTAACGAATAAGCACCGGCTAACTCCGTGCCAGC
AGCCGCGGTAATACGGAGGGTGCAAGCGTTACTCGGAATCACTGGGCGTAAAGAGCGCGT
AGGCGGGATAGTCAGTCAGGTGTGAAATCCTATGGCTTAACCATAGAACTGCATTTGAAA
CTACTATTCTAGAGTGTGGGAGAGGTAGGTGGAATTCTTGGTGTAGGGGTAAAATCCGTA
GAGATCAAGAGGAATACTCATTGCGAAGGCGACCTGCTGGAACATTACTGACGCTGATTG
CGCGAAAGCGTGGGGAGCAAACAGGATTAGATACCCTGGTAGTCCACGCCCTAAACGATG
GATG----CTAGTTGTTGGAGGG--CTTAGTCTCTCCAG--TAATGCAGCTAACGCATTA
AGCATCCCGCCTGGGGAGTACGGTC
>A.baumannii.1
TGGGGAATATTGGACAATGGGGGGAACCCTGATCCAGCCATGCCGCGTGTGTGAAGAAGG
CCTT-ATGGTTGTAAAGCACTTTAAGCGAGGAG--------GA-----------------
-----------GGCTACTTTAGTTAATACCTAGAGATAG-----------T---------
-----------------GGACGTTACTCGCAGAATAAGCACCGGCTAACTCTGTGCCAGC
AGCCGCGGTAATACAGAGGGTGCGAGCGTTAATCGGATTTACTGGGCGTAAAGCGTGCGT
AGGCGGCTTATTAAGTCGGATGTGAAATCCCCGAGCTTAACTTGGGAATTGCATTCGATA
CTGGTGAGCTAGAGTATGGGAGAGGATGGTAGAATTCCAGGTGTAGCGGTGAAATGCGTA
GAGATCTGGAGGAATACCGATGGCGAAGGCAGCCATCTGGCCTAATACTGACGCTGAG-G
TACGAAAGCATGGGGAGCAAACAGGATTAGATACCCTGGTAGTCCATGCCGTAAACGATG
TCTA----CTAGCCGTTGGGGCC--TTTGAGGCTTT-AG--TGGCGCAGCTAACGCGATA
AGTAGACCGCCTGGGGAGTACGGTC
>E.coli.1
TGGGGAATATTGCACAATGGGCGCAAGCCTGATGCAGCCATGCCGCGTGTATGAAGAAGG
CCTT-CGGGTTGTAAAGTACTTTCAGCGGGGAG--------GA-----------------
-----------AGGGAGTAAAGTTAATACCTTT-GCTCA-----------T---------
-----------------TGACGTTACCCGCAGAAGAAGCACCGGCTAACTCCGTGCCAGC
AGCCGCGGTAATACGGAGGGTGCAAGCGTTAATCGGAATTACTGGGCGTAAAGCGCACGC
AGGCGGTTTGTTAAGTCAGATGTGAAATCCCCGGGCTCAACCTGGGAACTGCATCTGATA
CTGGCAAGCTTGAGTCTCGTAGAGGGGGGTAGAATTCCAGGTGTAGCGGTGAAATGCGTA
GAGATCTGGAGGAATACCGGTGGCGAAGGCGGCCCCCTGGACGAAGACTGACGCTCAG-G
TGCGAAAGCGTGGGGAGCAAACAGGATTAGATACCCTGGTAGTCCACGCCGTAAACGATG
TCGA----CTTGGAGGTTGTGCC--CTTGAGGCGTG-GC--TTCCGGAGCTAACGCGTTA
AGTCGACCGCCTGGGGAGTACGGCC
>P.aeruginosa.1
TGGGGAATATTGGACAATGGGCGAAAGCCTGATCCAGCCATGCCGCGTGTGTGAAGAAGG
TCTT-CGGATTGTAAAGCACTTTAAGTTGGGAG--------GA-----------------
-----------AGGGCAGTAAGTTAATACCTTG-CTGTT-----------T---------
-----------------TGACGTTACCAACAGAATAAGCACCGGCTAACTTCGTGCCAGC
AGCCGCGGTAATACGAAGGGTGCAAGCGTTAATCGGAATTACTGGGCGTAAAGCGCGCGT
AGGTGGTTCAGCAAGTTGGATGTGAAATCCCCGGGCTCAACCTGGGAACTGCATCCAAAA
CTACTGAGCTAGAGTACGGTAGAGGGTGGTGGAATTTCCTGTGTAGCGGTGAAATGCGTA
GATATAGGAAGGAACACCAGTGGCGAAGGCGACCACCTGGACTGATACTGACACTGAG-G
TGCGAAAGCGTGGGGAGCAAACAGGATTAGATACCCTGGTAGTCCACGCCGTAAACGATG
TCGA----CTAGCCGTTGGGATC--CTTGAGATCTT-AG--TGGCGCAGCTAACGCGATA
AGTCGACCGCCTGGGGAGTACGGCC
>P.aeruginosa.2
TGGGGAATATTGGACAATGGGCGAAAGCCTGATCCAGCCATGCCGCGTGTGTGAAGAAGG
TCTT-CGGATTGTAAAGCACTTTAAGTTGGGAG--------GA-----------------
-----------AGGGCAGTAAGTTAATACCTTG-CTGTT-----------T---------
-----------------TGACGTTACCAACAGAATAAGCACCGGCTAACTTCGTGCCAGC
AGCCGCGGTAATACGAAGGGTGCAAGCGTTAATCGGAATTACTGGGCGTAAAGCGCGCGT
AGGTGGTTCAGCAAGTTGGATGTGAAATCCCCGGGCTCAACCTGGGAACTGCATCCAAAA
CTACTGAGCTAGAGTACGGTAGAGGGTGGTGGAATTTCCTGTGTAGCGGTGAAATGCGTA
GATATAGGAAGGAACACCAGTGGCGAAGGCGACCACCTGGACTGATACTGACACTGAG-G
TGCGAAAGCGTGGGGAGCAAACAGGATTAGATACCCTGGTAGTCCACGCCGTAAACGATG
TCGA----CTAGCCGTTGGGATC--CTTGAGATCAT-AG--TGGCGCAGCTAACGCGATA
AGTCGACCGCCTGGGGAGTACGGCC
>N.meningitidis.1
TGGGGAATTTTGGACAATGGGCGCAAGCCTGATCCAGCCATGCCGCGTGTCTGAAGAAGG
CCTT-CGGGTTGTAAAGGACTTTTGTCAGGGAA--------GA-----------------
-----------AAAGGCTGTTGCTAATATCAGC-GGCTG-----------A---------
-----------------TGACGGTACCTGAAGAATAAGCACCGGCTAACTACGTGCCAGC
AGCCGCGGTAATACGTAGGGTGCGAGCGTTAATCGGAATTACTGGGCGTAAAGCGGGCGC
AGACGGTTACTTAAGCAGGATGTGAAATCCCCGGGCTCAACCCGGGAACTGCGTTCTGAA
CTGGGTGACTCGAGTGTGTCAGAGGGAGGTAGAATTCCACGTGTAGCAGTGAAATGCGTA
GAGATGTGGAGGAATACCGATGGCGAAGGCAGCCTCCTGGGACAACACTGACGTTCAT-G
CCCGAAAGCGTGGGTAGCAAACAGGATTAGATACCCTGGTAGTCCACGCCCTAAACGATG
TCAA----TTAGCTGTTGGGCAA--CCTGATTGCTT-GG--TAGCGTAGCTAACGCGTGA
AATTGACCGCCTGGGGAGTACGGTC
>R.sphaeroides.1
TGGGGAATCTTAGACAATGGGCGCAAGCCTGATCTAGCCATGCCGCGTGATCGATGAAGG
CCTT-AGGGTTGTAAAGATCTTTCAGGTGGGAA--------GA-----------------
-------------------------------------TA-----------A---------
-----------------TGACGGTACCACCAGAAGAAGCCCCGGCTAACTCCGTGCCAGC
AGCCGCGGTAATACGGAGGGGGCTAGCGTTATTCGGAATTACTGGGCGTAAAGCGCACGT
AGGCGGATCGGAAAGTCAGAGGTGAAATCCCAGGGCTCAACCCTGGAACTGCCTTTGAAA
CTCCCGATCTTGAGGTCGAGAGAGGTGAGTGGAATTCCGAGTGTAGAGGTGAAATTCGTA
GATATTCGGAGGAACACCAGTGGCGAAGGCGGCTCACTGGCTCGATACTGACGCTGAG-G
TGCGAAAGCGTGGGGAGCAAACAGGATTAGATACCCTGGTAGTCCACGCCGTAAACGATG
AATG----CCAGTCGTCGGGCAG--CATGCTGT-TC-GG--TGACACACCTAACGGATTA
AGCATTCCGCCTGGGGAGTACGGCC
